[www.myattendancetracker.com/css/index.html]
[backblue.gif]
[fade.gif]
[index.html]
[www.myattendancetracker.com/css/fonts/index.html]
[www.myattendancetracker.com/css/index.html]
[www.myattendancetracker.com/css/bootstrap.min.css]
[www.myattendancetracker.com/css/proui-2.0/index.html]
[www.myattendancetracker.com/css/themes/index.html]
[www.myattendancetracker.com/css/fonts/.DS_Store]
[www.myattendancetracker.com/css/fonts/index.html]
[www.myattendancetracker.com/css/fonts/Glyphicons PRO (License).txt]
[www.myattendancetracker.com/css/fonts/fontawesome/index.html]
[www.myattendancetracker.com/img/template/ie8_opacity_dark_15.png]
[www.myattendancetracker.com/img/template/ie8_opacity_light_10.png]
[www.myattendancetracker.com/css/fonts/glyphicons.filetypes.pro/index.html]
[www.myattendancetracker.com/img/template/ie8_opacity_light_75.png]
[www.myattendancetracker.com/img/template/ie8_opacity_dark_20.png]
[www.myattendancetracker.com/img/template/ie8_opacity_dark_40.png]
[www.myattendancetracker.com/img/template/ie8_opacity_dark_30.png]
[www.myattendancetracker.com/css/fonts/glyphicons.halflings.pro/index.html]
[www.myattendancetracker.com/img/template/ie8_opacity_dark_60.png]
[www.myattendancetracker.com/css/main.css]
[www.myattendancetracker.com/css/fonts/glyphicons.pro/index.html]
[www.myattendancetracker.com/css/fonts/fontawesome/fontawesome-webfont78ce.eot]
[www.myattendancetracker.com/css/fonts/fontawesome/fontawesome-webfontd41d.eot]
[www.myattendancetracker.com/css/fonts/glyphicons.social.pro/index.html]
[www.myattendancetracker.com/css/fonts/fontawesome/fontawesome-webfont78ce.woff]
[www.myattendancetracker.com/css/fonts/fontawesome/fontawesome-webfont78ce.ttf]
[www.myattendancetracker.com/css/fonts/glyphicons.pro/glyphicons-regular.eot]
[www.myattendancetracker.com/css/fonts/glyphicons.pro/glyphicons-regulard41d.eot]
[www.myattendancetracker.com/css/fonts/glyphicons.pro/glyphicons-regular.woff]
[www.myattendancetracker.com/css/fonts/glyphicons.pro/glyphicons-regular.ttf]
[www.myattendancetracker.com/css/fonts/glyphicons.halflings.pro/glyphicons-halflings-regular.eot]
[www.myattendancetracker.com/css/fonts/glyphicons.halflings.pro/glyphicons-halflings-regulard41d.eot]
[www.myattendancetracker.com/css/fonts/glyphicons.halflings.pro/glyphicons-halflings-regular.woff]
[www.myattendancetracker.com/css/fonts/glyphicons.halflings.pro/glyphicons-halflings-regular.ttf]
[www.myattendancetracker.com/css/fonts/glyphicons.social.pro/glyphicons-social-regular.eot]
[www.myattendancetracker.com/css/fonts/glyphicons.social.pro/glyphicons-social-regulard41d.eot]
[www.myattendancetracker.com/css/fonts/glyphicons.social.pro/glyphicons-social-regular.woff]
[www.myattendancetracker.com/css/fonts/glyphicons.social.pro/glyphicons-social-regular.ttf]
[www.myattendancetracker.com/css/fonts/glyphicons.filetypes.pro/glyphicons-filetypes-regular.eot]
[www.myattendancetracker.com/css/fonts/glyphicons.filetypes.pro/glyphicons-filetypes-regulard41d.eot]
[www.myattendancetracker.com/css/fonts/glyphicons.filetypes.pro/glyphicons-filetypes-regular.woff]
[www.myattendancetracker.com/css/fonts/glyphicons.filetypes.pro/glyphicons-filetypes-regular.ttf]
[www.myattendancetracker.com/img/jquery.chosen/chosen-sprite.png]
[www.myattendancetracker.com/css/chosen-sprite.png]
[www.myattendancetracker.com/img/jquery.chosen/chosen-sprite@2x.png]
[www.myattendancetracker.com/img/jquery.datatables/sort_both.png]
[www.myattendancetracker.com/img/jquery.datatables/sort_asc.png]
[www.myattendancetracker.com/img/jquery.datatables/sort_desc.png]
[www.myattendancetracker.com/img/jquery.datatables/sort_asc_disabled.png]
[www.myattendancetracker.com/img/jquery.datatables/sort_desc_disabled.png]
[www.myattendancetracker.com/img/jquery.datatables/sort_both@2x.png]
[www.myattendancetracker.com/img/jquery.datatables/sort_asc@2x.png]
[www.myattendancetracker.com/img/jquery.datatables/sort_desc@2x.png]
[www.myattendancetracker.com/img/jquery.datatables/sort_asc_disabled@2x.png]
[www.myattendancetracker.com/img/jquery.datatables/sort_desc_disabled@2x.png]
[www.myattendancetracker.com/img/jquery.select2/select2.png]
[www.myattendancetracker.com/img/jquery.select2/select2-spinner.gif]
[www.myattendancetracker.com/img/jquery.select2/select2x2.png]
[www.myattendancetracker.com/css/plugins.css]
[www.myattendancetracker.com/css/proui-2.0/fonts/index.html]
[www.myattendancetracker.com/css/proui-2.0/frontend/index.html]
[www.myattendancetracker.com/css/proui-2.0/parent-view.css]
[www.myattendancetracker.com/css/proui-2.0/messagecenter/index.html]
[www.myattendancetracker.com/css/proui-2.0/index.html]
[www.myattendancetracker.com/css/proui-2.0/themes/index.html]
[www.myattendancetracker.com/css/themes.css]
[www.myattendancetracker.com/css/themes/index.html]
[www.myattendancetracker.com/css/fonts/fontawesome/FontAwesome.otf]
[www.myattendancetracker.com/css/fonts/fontawesome/fontawesome-webfont.eot]
[www.myattendancetracker.com/css/fonts/fontawesome/fontawesome-webfont.ttf]
[www.myattendancetracker.com/css/fonts/fontawesome/index.html]
[www.myattendancetracker.com/css/fonts/fontawesome/fontawesome-webfont.woff]
[www.myattendancetracker.com/css/fonts/glyphicons.filetypes.pro/index.html]
[www.myattendancetracker.com/css/fonts/glyphicons.halflings.pro/index.html]
[www.myattendancetracker.com/css/fonts/glyphicons.pro/index.html]
[www.myattendancetracker.com/css/fonts/glyphicons.social.pro/index.html]
[www.myattendancetracker.com/css/fonts/fontawesome/fontawesome-webfont78ce.svg]
[www.myattendancetracker.com/css/fonts/glyphicons.pro/glyphicons-regular.svg]
[www.myattendancetracker.com/css/fonts/glyphicons.halflings.pro/glyphicons-halflings-regular.svg]
[www.myattendancetracker.com/css/fonts/glyphicons.social.pro/glyphicons-social-regular.svg]
[www.myattendancetracker.com/css/fonts/glyphicons.filetypes.pro/glyphicons-filetypes-regular.svg]
[www.myattendancetracker.com/css/chosen-sprite.html]
[www.myattendancetracker.com/css/proui-2.0/attendance.css]
[www.myattendancetracker.com/css/proui-2.0/bootstrap.min.css]
[www.myattendancetracker.com/img/proui-2.0/my-icons/entertainment-2-20.png]
[www.myattendancetracker.com/css/proui-2.0/class-view.css]
[www.myattendancetracker.com/css/proui-2.0/fonts/Glyphicons PRO (License).txt]
[www.myattendancetracker.com/css/proui-2.0/fonts/index.html]
[www.myattendancetracker.com/css/proui-2.0/fonts/_notes/index.html]
[www.myattendancetracker.com/css/proui-2.0/fonts/fontawesome/index.html]
[www.myattendancetracker.com/css/proui-2.0/fonts/glyphicons.filetypes.pro/index.html]
[www.myattendancetracker.com/css/proui-2.0/frontend/index.html]
[www.myattendancetracker.com/css/proui-2.0/invoice.css]
[www.myattendancetracker.com/css/proui-2.0/list.css]
[www.myattendancetracker.com/css/proui-2.0/fonts/glyphicons.halflings.pro/index.html]
[www.myattendancetracker.com/css/proui-2.0/main-common.css]
[www.myattendancetracker.com/css/proui-2.0/fonts/glyphicons.pro/index.html]
[www.myattendancetracker.com/css/proui-2.0/fonts/glyphicons.social.pro/index.html]
[www.myattendancetracker.com/css/proui-2.0/frontend/fonts/index.html]
[www.myattendancetracker.com/css/img/template/ie8_opacity_dark_15.png]
[www.myattendancetracker.com/css/img/template/ie8_opacity_light_10.png]
[www.myattendancetracker.com/css/img/template/ie8_opacity_light_75.png]
[www.myattendancetracker.com/css/img/template/ie8_opacity_dark_20.png]
[www.myattendancetracker.com/css/img/template/ie8_opacity_dark_40.png]
[www.myattendancetracker.com/css/img/template/ie8_opacity_dark_30.png]
[www.myattendancetracker.com/css/img/template/ie8_opacity_dark_60.png]
[www.myattendancetracker.com/css/proui-2.0/main-pixelcave.css]
[www.myattendancetracker.com/css/proui-2.0/main.css]
[www.myattendancetracker.com/css/proui-2.0/messagecenter.css]
[www.myattendancetracker.com/css/proui-2.0/messagecenter/index.html]
[www.myattendancetracker.com/css/proui-2.0/myat-common.css]
[www.myattendancetracker.com/css/proui-2.0/parent-view.html]
[www.myattendancetracker.com/css/proui-2.0/fonts/fontawesome/fontawesome-webfont78ce.eot]
[www.myattendancetracker.com/css/proui-2.0/fonts/fontawesome/fontawesome-webfontd41d.eot]
[www.myattendancetracker.com/css/proui-2.0/fonts/fontawesome/fontawesome-webfont78ce.woff]
[www.myattendancetracker.com/css/proui-2.0/fonts/fontawesome/fontawesome-webfont78ce.ttf]
[www.myattendancetracker.com/css/proui-2.0/fonts/glyphicons.pro/glyphicons-regular.eot]
[www.myattendancetracker.com/css/proui-2.0/fonts/glyphicons.pro/glyphicons-regulard41d.eot]
[www.myattendancetracker.com/css/proui-2.0/fonts/glyphicons.pro/glyphicons-regular.woff]
[www.myattendancetracker.com/css/proui-2.0/fonts/glyphicons.pro/glyphicons-regular.ttf]
[www.myattendancetracker.com/css/proui-2.0/fonts/glyphicons.halflings.pro/glyphicons-halflings-regular.eot]
[www.myattendancetracker.com/css/proui-2.0/fonts/glyphicons.halflings.pro/glyphicons-halflings-regulard41d.eot]
[www.myattendancetracker.com/css/proui-2.0/fonts/glyphicons.halflings.pro/glyphicons-halflings-regular.woff]
[www.myattendancetracker.com/css/proui-2.0/fonts/glyphicons.halflings.pro/glyphicons-halflings-regular.ttf]
[www.myattendancetracker.com/css/proui-2.0/fonts/glyphicons.social.pro/glyphicons-social-regular.eot]
[www.myattendancetracker.com/css/proui-2.0/fonts/glyphicons.social.pro/glyphicons-social-regulard41d.eot]
[www.myattendancetracker.com/css/proui-2.0/fonts/glyphicons.social.pro/glyphicons-social-regular.woff]
[www.myattendancetracker.com/css/proui-2.0/fonts/glyphicons.social.pro/glyphicons-social-regular.ttf]
[www.myattendancetracker.com/css/proui-2.0/fonts/glyphicons.filetypes.pro/glyphicons-filetypes-regular.eot]
[www.myattendancetracker.com/css/proui-2.0/fonts/glyphicons.filetypes.pro/glyphicons-filetypes-regulard41d.eot]
[www.myattendancetracker.com/css/proui-2.0/fonts/glyphicons.filetypes.pro/glyphicons-filetypes-regular.woff]
[www.myattendancetracker.com/css/proui-2.0/fonts/glyphicons.filetypes.pro/glyphicons-filetypes-regular.ttf]
[www.myattendancetracker.com/img/proui-2.0/jquery.chosen/chosen-sprite.png]
[www.myattendancetracker.com/css/proui-2.0/chosen-sprite.png]
[www.myattendancetracker.com/css/img/jquery.chosen/chosen-sprite@2x.png]
[www.myattendancetracker.com/css/img/jquery.datatables/sort_both.png]
[www.myattendancetracker.com/css/img/jquery.datatables/sort_asc.png]
[www.myattendancetracker.com/css/img/jquery.datatables/sort_desc.png]
[www.myattendancetracker.com/css/img/jquery.datatables/sort_asc_disabled.png]
[www.myattendancetracker.com/css/img/jquery.datatables/sort_desc_disabled.png]
[www.myattendancetracker.com/css/img/jquery.datatables/sort_both@2x.png]
[www.myattendancetracker.com/css/img/jquery.datatables/sort_asc@2x.png]
[www.myattendancetracker.com/css/img/jquery.datatables/sort_desc@2x.png]
[www.myattendancetracker.com/css/img/jquery.datatables/sort_asc_disabled@2x.png]
[www.myattendancetracker.com/css/img/jquery.datatables/sort_desc_disabled@2x.png]
[www.myattendancetracker.com/css/img/jquery.select2/select2.png]
[www.myattendancetracker.com/css/img/jquery.select2/select2-spinner.gif]
[www.myattendancetracker.com/css/img/jquery.select2/select2x2.png]
[www.myattendancetracker.com/css/proui-2.0/plugins.css]
[www.myattendancetracker.com/css/proui-2.0/print.css]
[www.myattendancetracker.com/css/proui-2.0/reports-general.css]
[www.myattendancetracker.com/css/proui-2.0/reports-wizard.css]
[www.myattendancetracker.com/css/proui-2.0/student-attendance.css]
[www.myattendancetracker.com/css/proui-2.0/student-view.css]
[www.myattendancetracker.com/css/proui-2.0/themes.css]
[www.myattendancetracker.com/css/proui-2.0/themes/_notes/index.html]
[www.myattendancetracker.com/css/proui-2.0/themes/index.html]
[www.myattendancetracker.com/css/proui-2.0/tools-attendancecategories.css]
[www.myattendancetracker.com/css/proui-2.0/upgrade.css]
[www.myattendancetracker.com/css/themes/amethyst.css]
[www.myattendancetracker.com/css/themes/autumn.css]
[www.myattendancetracker.com/css/themes/fancy.css]
[www.myattendancetracker.com/css/themes/fire.css]
[www.myattendancetracker.com/css/themes/flatie.css]
[www.myattendancetracker.com/css/themes/modern.css]
[www.myattendancetracker.com/css/themes/night.css]
[www.myattendancetracker.com/css/themes/spring.css]
[www.myattendancetracker.com/css/fonts/fontawesome/fontawesome-webfont.svg]
[www.myattendancetracker.com/img/proui-2.0/my-icons/entertainment-2-20.html]
[www.myattendancetracker.com/css/proui-2.0/fonts/_notes/dwsync.xml]
[www.myattendancetracker.com/css/proui-2.0/fonts/_notes/index.html]
[www.myattendancetracker.com/css/proui-2.0/fonts/fontawesome/FontAwesome.otf]
[www.myattendancetracker.com/css/proui-2.0/fonts/fontawesome/fontawesome-webfont.eot]
[www.myattendancetracker.com/css/proui-2.0/fonts/fontawesome/fontawesome-webfont.ttf]
[www.myattendancetracker.com/css/proui-2.0/fonts/fontawesome/fontawesome-webfont.woff]
[www.myattendancetracker.com/css/proui-2.0/fonts/fontawesome/index.html]
[www.myattendancetracker.com/css/proui-2.0/fonts/glyphicons.filetypes.pro/index.html]
[www.myattendancetracker.com/css/proui-2.0/fonts/glyphicons.halflings.pro/index.html]
[www.myattendancetracker.com/css/proui-2.0/fonts/fontawesome/_notes/index.html]
[www.myattendancetracker.com/css/proui-2.0/fonts/glyphicons.pro/index.html]
[www.myattendancetracker.com/css/proui-2.0/fonts/glyphicons.social.pro/index.html]
[www.myattendancetracker.com/css/proui-2.0/fonts/glyphicons.halflings.pro/_notes/index.html]
[www.myattendancetracker.com/css/proui-2.0/fonts/glyphicons.filetypes.pro/_notes/index.html]
[www.myattendancetracker.com/css/proui-2.0/frontend/animations.css]
[www.myattendancetracker.com/css/proui-2.0/frontend/bootstrap.css]
[www.myattendancetracker.com/css/proui-2.0/fonts/glyphicons.pro/_notes/index.html]
[www.myattendancetracker.com/css/proui-2.0/fonts/glyphicons.social.pro/_notes/index.html]
[www.myattendancetracker.com/css/proui-2.0/frontend/fonts/fontawesome-webfontba72.eot]
[www.myattendancetracker.com/css/proui-2.0/frontend/fonts/fontawesome-webfontd41d.eot]
[www.myattendancetracker.com/css/proui-2.0/frontend/fonts/fontawesome-webfontba72.woff]
[www.myattendancetracker.com/css/proui-2.0/frontend/fonts/fontawesome-webfontba72.ttf]
[www.myattendancetracker.com/css/proui-2.0/frontend/font-awesome.css]
[www.myattendancetracker.com/css/proui-2.0/frontend/fonts/FontAwesome.otf]
[www.myattendancetracker.com/css/proui-2.0/frontend/fonts/fontawesome-webfont.eot]
[www.myattendancetracker.com/css/proui-2.0/frontend/fonts/fontawesome-webfont.ttf]
[www.myattendancetracker.com/css/proui-2.0/frontend/fonts/_notes/index.html]
[www.myattendancetracker.com/css/proui-2.0/frontend/fonts/index.html]
[www.myattendancetracker.com/css/proui-2.0/frontend/fonts/fontawesome-webfont.woff]
[www.myattendancetracker.com/css/proui-2.0/frontend/ie.css]
[www.myattendancetracker.com/css/proui-2.0/frontend/ie8.css]
[www.myattendancetracker.com/img/proui-2.0/frontend/bg_fact.png]
[www.myattendancetracker.com/images/proui-2.0/frontend/bg_pictogram.png]
[www.myattendancetracker.com/images/proui-2.0/frontend/browser.jpg]
[www.myattendancetracker.com/images/proui-2.0/frontend/iphone.png]
[www.myattendancetracker.com/images/proui-2.0/frontend/bg_fact@2x.png]
[www.myattendancetracker.com/css/proui-2.0/frontend/style.css]
[www.myattendancetracker.com/css/img/template/ie8_opacity_dark_15.html]
[www.myattendancetracker.com/css/img/template/ie8_opacity_light_10.html]
[www.myattendancetracker.com/css/img/template/ie8_opacity_light_75.html]
[www.myattendancetracker.com/css/img/template/ie8_opacity_dark_20.html]
[www.myattendancetracker.com/css/img/template/ie8_opacity_dark_40.html]
[www.myattendancetracker.com/css/img/template/ie8_opacity_dark_30.html]
[www.myattendancetracker.com/css/img/template/ie8_opacity_dark_60.html]
[www.myattendancetracker.com/css/proui-2.0/messagecenter/inbox.css]
[www.myattendancetracker.com/css/proui-2.0/fonts/fontawesome/fontawesome-webfont78ce.svg]
[www.myattendancetracker.com/css/proui-2.0/fonts/glyphicons.pro/glyphicons-regular.svg]
[www.myattendancetracker.com/css/proui-2.0/fonts/glyphicons.halflings.pro/glyphicons-halflings-regular.svg]
[www.myattendancetracker.com/css/proui-2.0/fonts/glyphicons.social.pro/glyphicons-social-regular.svg]
[www.myattendancetracker.com/css/proui-2.0/fonts/glyphicons.filetypes.pro/glyphicons-filetypes-regular.svg]
[www.myattendancetracker.com/css/proui-2.0/chosen-sprite.html]
[www.myattendancetracker.com/css/img/jquery.chosen/chosen-sprite@2x.html]
[www.myattendancetracker.com/css/img/jquery.datatables/sort_both.html]
[www.myattendancetracker.com/css/img/jquery.datatables/sort_asc.html]
[www.myattendancetracker.com/css/img/jquery.datatables/sort_desc.html]
[www.myattendancetracker.com/css/img/jquery.datatables/sort_asc_disabled.html]
[www.myattendancetracker.com/css/img/jquery.datatables/sort_desc_disabled.html]
[www.myattendancetracker.com/css/img/jquery.datatables/sort_both@2x.html]
[www.myattendancetracker.com/css/img/jquery.datatables/sort_asc@2x.html]
[www.myattendancetracker.com/css/img/jquery.datatables/sort_desc@2x.html]
[www.myattendancetracker.com/css/img/jquery.datatables/sort_asc_disabled@2x.html]
[www.myattendancetracker.com/css/img/jquery.datatables/sort_desc_disabled@2x.html]
[www.myattendancetracker.com/css/img/jquery.select2/select2.html]
[www.myattendancetracker.com/css/img/jquery.select2/select2-spinner.html]
[www.myattendancetracker.com/css/img/jquery.select2/select2x2.html]
[www.myattendancetracker.com/css/proui-2.0/themes/_notes/dwsync.xml]
[www.myattendancetracker.com/css/proui-2.0/themes/_notes/index.html]
[www.myattendancetracker.com/css/proui-2.0/themes/amethyst.css]
[www.myattendancetracker.com/css/proui-2.0/themes/autumn.css]
[www.myattendancetracker.com/css/proui-2.0/themes/fancy.css]
[www.myattendancetracker.com/css/proui-2.0/themes/fire.css]
[www.myattendancetracker.com/css/proui-2.0/themes/flatie.css]
[www.myattendancetracker.com/css/proui-2.0/themes/modern.css]
[www.myattendancetracker.com/css/proui-2.0/themes/night.css]
[www.myattendancetracker.com/css/proui-2.0/themes/spring.css]
[www.myattendancetracker.com/css/proui-2.0/fonts/fontawesome/_notes/dwsync.xml]
[www.myattendancetracker.com/css/proui-2.0/fonts/fontawesome/_notes/index.html]
[www.myattendancetracker.com/css/proui-2.0/fonts/fontawesome/fontawesome-webfont.svg]
[www.myattendancetracker.com/css/proui-2.0/fonts/glyphicons.filetypes.pro/_notes/dwsync.xml]
[www.myattendancetracker.com/css/proui-2.0/fonts/glyphicons.filetypes.pro/_notes/index.html]
[www.myattendancetracker.com/css/proui-2.0/fonts/glyphicons.halflings.pro/_notes/dwsync.xml]
[www.myattendancetracker.com/css/proui-2.0/fonts/glyphicons.halflings.pro/_notes/index.html]
[www.myattendancetracker.com/css/proui-2.0/fonts/glyphicons.pro/_notes/dwsync.xml]
[www.myattendancetracker.com/css/proui-2.0/fonts/glyphicons.pro/_notes/index.html]
[www.myattendancetracker.com/css/proui-2.0/fonts/glyphicons.social.pro/_notes/dwsync.xml]
[www.myattendancetracker.com/css/proui-2.0/fonts/glyphicons.social.pro/_notes/index.html]
[www.myattendancetracker.com/css/proui-2.0/frontend/fonts/fontawesome-webfontba72.svg]
[www.myattendancetracker.com/css/proui-2.0/frontend/fonts/_notes/dwsync.xml]
[www.myattendancetracker.com/css/proui-2.0/frontend/fonts/_notes/index.html]
[www.myattendancetracker.com/css/proui-2.0/frontend/fonts/fontawesome-webfont.svg]
[www.myattendancetracker.com/images/proui-2.0/frontend/bg_pictogram.html]
[www.myattendancetracker.com/images/proui-2.0/frontend/browser.html]
[www.myattendancetracker.com/images/proui-2.0/frontend/iphone.html]
[www.myattendancetracker.com/images/proui-2.0/frontend/bg_fact@2x.html]
